Flow report for problem1
Mon Dec  1 21:41:05 2025
Quartus II 32-bit Version 13.0.1 Build 232 06/12/2013 Service Pack 1 SJ Full Version


---------------------
; Table of Contents ;
---------------------
  1. Legal Notice
  2. Flow Summary
  3. Flow Settings
  4. Flow Non-Default Global Settings
  5. Flow Elapsed Time
  6. Flow OS Summary
  7. Flow Log
  8. Flow Messages
  9. Flow Suppressed Messages



----------------
; Legal Notice ;
----------------
Copyright (C) 1991-2013 Altera Corporation
Your use of Altera Corporation's design tools, logic functions 
and other software and tools, and its AMPP partner logic 
functions, and any output files from any of the foregoing 
(including device programming or simulation files), and any 
associated documentation or information are expressly subject 
to the terms and conditions of the Altera Program License 
Subscription Agreement, Altera MegaCore Function License 
Agreement, or other applicable license agreement, including, 
without limitation, that your use is for the sole purpose of 
programming logic devices manufactured by Altera and sold by 
Altera or its authorized distributors.  Please refer to the 
applicable agreement for further details.



+---------------------------------------------------------------------------------------+
; Flow Summary                                                                          ;
+------------------------------------+--------------------------------------------------+
; Flow Status                        ; Successful - Mon Dec  1 21:41:05 2025            ;
; Quartus II 32-bit Version          ; 13.0.1 Build 232 06/12/2013 SP 1 SJ Full Version ;
; Revision Name                      ; problem1                                         ;
; Top-level Entity Name              ; core1                                            ;
; Family                             ; Cyclone II                                       ;
; Device                             ; EP2C35F672C6                                     ;
; Timing Models                      ; Final                                            ;
; Total logic elements               ; 127 / 33,216 ( < 1 % )                           ;
;     Total combinational functions  ; 127 / 33,216 ( < 1 % )                           ;
;     Dedicated logic registers      ; 34 / 33,216 ( < 1 % )                            ;
; Total registers                    ; 34                                               ;
; Total pins                         ; 49 / 475 ( 10 % )                                ;
; Total virtual pins                 ; 0                                                ;
; Total memory bits                  ; 0 / 483,840 ( 0 % )                              ;
; Embedded Multiplier 9-bit elements ; 0 / 70 ( 0 % )                                   ;
; Total PLLs                         ; 0 / 4 ( 0 % )                                    ;
+------------------------------------+--------------------------------------------------+


+-----------------------------------------+
; Flow Settings                           ;
+-------------------+---------------------+
; Option            ; Setting             ;
+-------------------+---------------------+
; Start date & time ; 12/01/2025 21:40:47 ;
; Main task         ; Compilation         ;
; Revision Name     ; problem1            ;
+-------------------+---------------------+


+----------------------------------------------------------------------------------------------------------------------+
; Flow Non-Default Global Settings                                                                                     ;
+-------------------------------------+---------------------------------+---------------+-------------+----------------+
; Assignment Name                     ; Value                           ; Default Value ; Entity Name ; Section Id     ;
+-------------------------------------+---------------------------------+---------------+-------------+----------------+
; COMPILER_SIGNATURE_ID               ; 203178703718139.176464324722853 ; --            ; --          ; --             ;
; EDA_GENERATE_FUNCTIONAL_NETLIST     ; On                              ; --            ; --          ; eda_simulation ;
; EDA_OUTPUT_DATA_FORMAT              ; Verilog Hdl                     ; --            ; --          ; eda_simulation ;
; EDA_SIMULATION_TOOL                 ; ModelSim-Altera (Verilog)       ; <None>        ; --          ; --             ;
; MAX_CORE_JUNCTION_TEMP              ; 85                              ; --            ; --          ; --             ;
; MIN_CORE_JUNCTION_TEMP              ; 0                               ; --            ; --          ; --             ;
; PARTITION_COLOR                     ; 16764057                        ; --            ; core1       ; Top            ;
; PARTITION_FITTER_PRESERVATION_LEVEL ; PLACEMENT_AND_ROUTING           ; --            ; core1       ; Top            ;
; PARTITION_NETLIST_TYPE              ; SOURCE                          ; --            ; core1       ; Top            ;
; PROJECT_OUTPUT_DIRECTORY            ; output_files                    ; --            ; --          ; --             ;
; TOP_LEVEL_ENTITY                    ; core1                           ; problem1      ; --          ; --             ;
+-------------------------------------+---------------------------------+---------------+-------------+----------------+


+-------------------------------------------------------------------------------------------------------------------------------+
; Flow Elapsed Time                                                                                                             ;
+---------------------------+--------------+-------------------------+---------------------+------------------------------------+
; Module Name               ; Elapsed Time ; Average Processors Used ; Peak Virtual Memory ; Total CPU Time (on all processors) ;
+---------------------------+--------------+-------------------------+---------------------+------------------------------------+
; Analysis & Synthesis      ; 00:00:03     ; 1.0                     ; 360 MB              ; 00:00:02                           ;
; Fitter                    ; 00:00:05     ; 1.6                     ; 529 MB              ; 00:00:07                           ;
; Assembler                 ; 00:00:02     ; 1.0                     ; 335 MB              ; 00:00:02                           ;
; TimeQuest Timing Analyzer ; 00:00:02     ; 1.0                     ; 327 MB              ; 00:00:01                           ;
; EDA Netlist Writer        ; 00:00:01     ; 1.0                     ; 314 MB              ; 00:00:00                           ;
; Total                     ; 00:00:13     ; --                      ; --                  ; 00:00:12                           ;
+---------------------------+--------------+-------------------------+---------------------+------------------------------------+


+-------------------------------------------------------------------------------------------+
; Flow OS Summary                                                                           ;
+---------------------------+-----------------------+---------+------------+----------------+
; Module Name               ; Machine Hostname      ; OS Name ; OS Version ; Processor type ;
+---------------------------+-----------------------+---------+------------+----------------+
; Analysis & Synthesis      ; minerva.ee.ryerson.ca ; Red Hat ; Red Hat    ; x86_64         ;
; Fitter                    ; minerva.ee.ryerson.ca ; Red Hat ; Red Hat    ; x86_64         ;
; Assembler                 ; minerva.ee.ryerson.ca ; Red Hat ; Red Hat    ; x86_64         ;
; TimeQuest Timing Analyzer ; minerva.ee.ryerson.ca ; Red Hat ; Red Hat    ; x86_64         ;
; EDA Netlist Writer        ; minerva.ee.ryerson.ca ; Red Hat ; Red Hat    ; x86_64         ;
+---------------------------+-----------------------+---------+------------+----------------+


------------
; Flow Log ;
------------
quartus_map --read_settings_files=on --write_settings_files=off problem1 -c problem1
quartus_fit --read_settings_files=off --write_settings_files=off problem1 -c problem1
quartus_asm --read_settings_files=off --write_settings_files=off problem1 -c problem1
quartus_sta problem1 -c problem1
quartus_eda --read_settings_files=off --write_settings_files=off problem1 -c problem1



