Analysis & Synthesis report for problem1
Mon Dec  1 22:17:41 2025
Quartus II 32-bit Version 13.0.1 Build 232 06/12/2013 Service Pack 1 SJ Full Version


---------------------
; Table of Contents ;
---------------------
  1. Legal Notice
  2. Analysis & Synthesis Summary
  3. Analysis & Synthesis Settings
  4. Parallel Compilation
  5. Analysis & Synthesis Source Files Read
  6. Analysis & Synthesis Resource Usage Summary
  7. Analysis & Synthesis Resource Utilization by Entity
  8. State Machine - |core1|fsm9:inst3|yfsm
  9. Registers Removed During Synthesis
 10. General Register Statistics
 11. Multiplexer Restructuring Statistics (Restructuring Performed)
 12. Elapsed Time Per Partition
 13. Analysis & Synthesis Messages



----------------
; Legal Notice ;
----------------
Copyright (C) 1991-2013 Altera Corporation
Your use of Altera Corporation's design tools, logic functions 
and other software and tools, and its AMPP partner logic 
functions, and any output files from any of the foregoing 
(including device programming or simulation files), and any 
associated documentation or information are expressly subject 
to the terms and conditions of the Altera Program License 
Subscription Agreement, Altera MegaCore Function License 
Agreement, or other applicable license agreement, including, 
without limitation, that your use is for the sole purpose of 
programming logic devices manufactured by Altera and sold by 
Altera or its authorized distributors.  Please refer to the 
applicable agreement for further details.



+---------------------------------------------------------------------------------------+
; Analysis & Synthesis Summary                                                          ;
+------------------------------------+--------------------------------------------------+
; Analysis & Synthesis Status        ; Successful - Mon Dec  1 22:17:41 2025            ;
; Quartus II 32-bit Version          ; 13.0.1 Build 232 06/12/2013 SP 1 SJ Full Version ;
; Revision Name                      ; problem1                                         ;
; Top-level Entity Name              ; core1                                            ;
; Family                             ; Cyclone II                                       ;
; Total logic elements               ; 135                                              ;
;     Total combinational functions  ; 112                                              ;
;     Dedicated logic registers      ; 41                                               ;
; Total registers                    ; 41                                               ;
; Total pins                         ; 49                                               ;
; Total virtual pins                 ; 0                                                ;
; Total memory bits                  ; 0                                                ;
; Embedded Multiplier 9-bit elements ; 0                                                ;
; Total PLLs                         ; 0                                                ;
+------------------------------------+--------------------------------------------------+


+----------------------------------------------------------------------------------------------------------------------+
; Analysis & Synthesis Settings                                                                                        ;
+----------------------------------------------------------------------------+--------------------+--------------------+
; Option                                                                     ; Setting            ; Default Value      ;
+----------------------------------------------------------------------------+--------------------+--------------------+
; Device                                                                     ; EP2C35F672C6       ;                    ;
; Top-level entity name                                                      ; core1              ; problem1           ;
; Family name                                                                ; Cyclone II         ; Cyclone IV GX      ;
; Use smart compilation                                                      ; Off                ; Off                ;
; Enable parallel Assembler and TimeQuest Timing Analyzer during compilation ; On                 ; On                 ;
; Enable compact report table                                                ; Off                ; Off                ;
; Restructure Multiplexers                                                   ; Auto               ; Auto               ;
; Create Debugging Nodes for IP Cores                                        ; Off                ; Off                ;
; Preserve fewer node names                                                  ; On                 ; On                 ;
; Disable OpenCore Plus hardware evaluation                                  ; Off                ; Off                ;
; Verilog Version                                                            ; Verilog_2001       ; Verilog_2001       ;
; VHDL Version                                                               ; VHDL_1993          ; VHDL_1993          ;
; State Machine Processing                                                   ; Auto               ; Auto               ;
; Safe State Machine                                                         ; Off                ; Off                ;
; Extract Verilog State Machines                                             ; On                 ; On                 ;
; Extract VHDL State Machines                                                ; On                 ; On                 ;
; Ignore Verilog initial constructs                                          ; Off                ; Off                ;
; Iteration limit for constant Verilog loops                                 ; 5000               ; 5000               ;
; Iteration limit for non-constant Verilog loops                             ; 250                ; 250                ;
; Add Pass-Through Logic to Inferred RAMs                                    ; On                 ; On                 ;
; Infer RAMs from Raw Logic                                                  ; On                 ; On                 ;
; Parallel Synthesis                                                         ; On                 ; On                 ;
; DSP Block Balancing                                                        ; Auto               ; Auto               ;
; NOT Gate Push-Back                                                         ; On                 ; On                 ;
; Power-Up Don't Care                                                        ; On                 ; On                 ;
; Remove Redundant Logic Cells                                               ; Off                ; Off                ;
; Remove Duplicate Registers                                                 ; On                 ; On                 ;
; Ignore CARRY Buffers                                                       ; Off                ; Off                ;
; Ignore CASCADE Buffers                                                     ; Off                ; Off                ;
; Ignore GLOBAL Buffers                                                      ; Off                ; Off                ;
; Ignore ROW GLOBAL Buffers                                                  ; Off                ; Off                ;
; Ignore LCELL Buffers                                                       ; Off                ; Off                ;
; Ignore SOFT Buffers                                                        ; On                 ; On                 ;
; Limit AHDL Integers to 32 Bits                                             ; Off                ; Off                ;
; Optimization Technique                                                     ; Balanced           ; Balanced           ;
; Carry Chain Length                                                         ; 70                 ; 70                 ;
; Auto Carry Chains                                                          ; On                 ; On                 ;
; Auto Open-Drain Pins                                                       ; On                 ; On                 ;
; Perform WYSIWYG Primitive Resynthesis                                      ; Off                ; Off                ;
; Auto ROM Replacement                                                       ; On                 ; On                 ;
; Auto RAM Replacement                                                       ; On                 ; On                 ;
; Auto Shift Register Replacement                                            ; Auto               ; Auto               ;
; Allow Shift Register Merging across Hierarchies                            ; Auto               ; Auto               ;
; Auto Clock Enable Replacement                                              ; On                 ; On                 ;
; Strict RAM Replacement                                                     ; Off                ; Off                ;
; Allow Synchronous Control Signals                                          ; On                 ; On                 ;
; Force Use of Synchronous Clear Signals                                     ; Off                ; Off                ;
; Auto RAM to Logic Cell Conversion                                          ; Off                ; Off                ;
; Auto Resource Sharing                                                      ; Off                ; Off                ;
; Allow Any RAM Size For Recognition                                         ; Off                ; Off                ;
; Allow Any ROM Size For Recognition                                         ; Off                ; Off                ;
; Allow Any Shift Register Size For Recognition                              ; Off                ; Off                ;
; Use LogicLock Constraints during Resource Balancing                        ; On                 ; On                 ;
; Ignore translate_off and synthesis_off directives                          ; Off                ; Off                ;
; Timing-Driven Synthesis                                                    ; Off                ; Off                ;
; Report Parameter Settings                                                  ; On                 ; On                 ;
; Report Source Assignments                                                  ; On                 ; On                 ;
; Report Connectivity Checks                                                 ; On                 ; On                 ;
; Ignore Maximum Fan-Out Assignments                                         ; Off                ; Off                ;
; Synchronization Register Chain Length                                      ; 2                  ; 2                  ;
; PowerPlay Power Optimization                                               ; Normal compilation ; Normal compilation ;
; HDL message level                                                          ; Level2             ; Level2             ;
; Suppress Register Optimization Related Messages                            ; Off                ; Off                ;
; Number of Removed Registers Reported in Synthesis Report                   ; 5000               ; 5000               ;
; Number of Swept Nodes Reported in Synthesis Report                         ; 5000               ; 5000               ;
; Number of Inverted Registers Reported in Synthesis Report                  ; 100                ; 100                ;
; Clock MUX Protection                                                       ; On                 ; On                 ;
; Auto Gated Clock Conversion                                                ; Off                ; Off                ;
; Block Design Naming                                                        ; Auto               ; Auto               ;
; SDC constraint protection                                                  ; Off                ; Off                ;
; Synthesis Effort                                                           ; Auto               ; Auto               ;
; Shift Register Replacement - Allow Asynchronous Clear Signal               ; On                 ; On                 ;
; Pre-Mapping Resynthesis Optimization                                       ; Off                ; Off                ;
; Analysis & Synthesis Message Level                                         ; Medium             ; Medium             ;
; Disable Register Merging Across Hierarchies                                ; Auto               ; Auto               ;
; Resource Aware Inference For Block RAM                                     ; On                 ; On                 ;
; Synthesis Seed                                                             ; 1                  ; 1                  ;
+----------------------------------------------------------------------------+--------------------+--------------------+


+------------------------------------------+
; Parallel Compilation                     ;
+----------------------------+-------------+
; Processors                 ; Number      ;
+----------------------------+-------------+
; Number detected on machine ; 8           ;
; Maximum allowed            ; 4           ;
;                            ;             ;
; Average used               ; 1.00        ;
; Maximum used               ; 1           ;
;                            ;             ;
; Usage by Processor         ; % Time Used ;
;     Processor 1            ; 100.0%      ;
;     Processors 2-8         ;   0.0%      ;
+----------------------------+-------------+


+-----------------------------------------------------------------------------------------------------------------------------------------------------------------------------------+
; Analysis & Synthesis Source Files Read                                                                                                                                            ;
+----------------------------------+-----------------+------------------------------------+-------------------------------------------------------------------------------+---------+
; File Name with User-Entered Path ; Used in Netlist ; File Type                          ; File Name with Absolute Path                                                  ; Library ;
+----------------------------------+-----------------+------------------------------------+-------------------------------------------------------------------------------+---------+
; fsm9.vhd                         ; yes             ; User VHDL File                     ; /home/student2/m245sidd/Documents/COE 328 - Mon/Lab 6/lab6_problem2/fsm9.vhd  ;         ;
; dec.vhd                          ; yes             ; User VHDL File                     ; /home/student2/m245sidd/Documents/COE 328 - Mon/Lab 6/lab6_problem2/dec.vhd   ;         ;
; alu1.vhd                         ; yes             ; User VHDL File                     ; /home/student2/m245sidd/Documents/COE 328 - Mon/Lab 6/lab6_problem2/alu1.vhd  ;         ;
; sseg.vhd                         ; yes             ; User VHDL File                     ; /home/student2/m245sidd/Documents/COE 328 - Mon/Lab 6/lab6_problem2/sseg.vhd  ;         ;
; reg.vhd                          ; yes             ; User VHDL File                     ; /home/student2/m245sidd/Documents/COE 328 - Mon/Lab 6/lab6_problem2/reg.vhd   ;         ;
; core1.bdf                        ; yes             ; User Block Diagram/Schematic File  ; /home/student2/m245sidd/Documents/COE 328 - Mon/Lab 6/lab6_problem2/core1.bdf ;         ;
+----------------------------------+-----------------+------------------------------------+-------------------------------------------------------------------------------+---------+


+-----------------------------------------------------+
; Analysis & Synthesis Resource Usage Summary         ;
+---------------------------------------------+-------+
; Resource                                    ; Usage ;
+---------------------------------------------+-------+
; Estimated Total logic elements              ; 135   ;
;                                             ;       ;
; Total combinational functions               ; 112   ;
; Logic element usage by number of LUT inputs ;       ;
;     -- 4 input functions                    ; 66    ;
;     -- 3 input functions                    ; 20    ;
;     -- <=2 input functions                  ; 26    ;
;                                             ;       ;
; Logic elements by mode                      ;       ;
;     -- normal mode                          ; 99    ;
;     -- arithmetic mode                      ; 13    ;
;                                             ;       ;
; Total registers                             ; 41    ;
;     -- Dedicated logic registers            ; 41    ;
;     -- I/O registers                        ; 0     ;
;                                             ;       ;
; I/O pins                                    ; 49    ;
; Embedded Multiplier 9-bit elements          ; 0     ;
; Maximum fan-out node                        ; Clock ;
; Maximum fan-out                             ; 41    ;
; Total fan-out                               ; 533   ;
; Average fan-out                             ; 2.64  ;
+---------------------------------------------+-------+


+-----------------------------------------------------------------------------------------------------------------------------------------------------------------------------+
; Analysis & Synthesis Resource Utilization by Entity                                                                                                                         ;
+----------------------------+-------------------+--------------+-------------+--------------+---------+-----------+------+--------------+---------------------+--------------+
; Compilation Hierarchy Node ; LC Combinationals ; LC Registers ; Memory Bits ; DSP Elements ; DSP 9x9 ; DSP 18x18 ; Pins ; Virtual Pins ; Full Hierarchy Name ; Library Name ;
+----------------------------+-------------------+--------------+-------------+--------------+---------+-----------+------+--------------+---------------------+--------------+
; |core1                     ; 112 (0)           ; 41 (0)       ; 0           ; 0            ; 0       ; 0         ; 49   ; 0            ; |core1              ; work         ;
;    |alu1:inst2|            ; 81 (81)           ; 16 (16)      ; 0           ; 0            ; 0       ; 0         ; 0    ; 0            ; |core1|alu1:inst2   ; work         ;
;    |fsm9:inst3|            ; 7 (7)             ; 9 (9)        ; 0           ; 0            ; 0       ; 0         ; 0    ; 0            ; |core1|fsm9:inst3   ; work         ;
;    |reg:inst1|             ; 4 (4)             ; 8 (8)        ; 0           ; 0            ; 0       ; 0         ; 0    ; 0            ; |core1|reg:inst1    ; work         ;
;    |reg:inst|              ; 0 (0)             ; 8 (8)        ; 0           ; 0            ; 0       ; 0         ; 0    ; 0            ; |core1|reg:inst     ; work         ;
;    |sseg:inst6|            ; 6 (6)             ; 0 (0)        ; 0           ; 0            ; 0       ; 0         ; 0    ; 0            ; |core1|sseg:inst6   ; work         ;
;    |sseg:inst7|            ; 7 (7)             ; 0 (0)        ; 0           ; 0            ; 0       ; 0         ; 0    ; 0            ; |core1|sseg:inst7   ; work         ;
;    |sseg:inst8|            ; 7 (7)             ; 0 (0)        ; 0           ; 0            ; 0       ; 0         ; 0    ; 0            ; |core1|sseg:inst8   ; work         ;
+----------------------------+-------------------+--------------+-------------+--------------+---------+-----------+------+--------------+---------------------+--------------+
Note: For table entries with two numbers listed, the numbers in parentheses indicate the number of resources of the given type used by the specific entity alone. The numbers listed outside of parentheses indicate the total resources of the given type used by the specific entity and all of its sub-entities in the hierarchy.


Encoding Type:  One-Hot
+---------------------------------------------------------------------------------------------------+
; State Machine - |core1|fsm9:inst3|yfsm                                                            ;
+---------+---------+---------+---------+---------+---------+---------+---------+---------+---------+
; Name    ; yfsm.s8 ; yfsm.s7 ; yfsm.s6 ; yfsm.s5 ; yfsm.s4 ; yfsm.s3 ; yfsm.s2 ; yfsm.s1 ; yfsm.s0 ;
+---------+---------+---------+---------+---------+---------+---------+---------+---------+---------+
; yfsm.s0 ; 0       ; 0       ; 0       ; 0       ; 0       ; 0       ; 0       ; 0       ; 0       ;
; yfsm.s1 ; 0       ; 0       ; 0       ; 0       ; 0       ; 0       ; 0       ; 1       ; 1       ;
; yfsm.s2 ; 0       ; 0       ; 0       ; 0       ; 0       ; 0       ; 1       ; 0       ; 1       ;
; yfsm.s3 ; 0       ; 0       ; 0       ; 0       ; 0       ; 1       ; 0       ; 0       ; 1       ;
; yfsm.s4 ; 0       ; 0       ; 0       ; 0       ; 1       ; 0       ; 0       ; 0       ; 1       ;
; yfsm.s5 ; 0       ; 0       ; 0       ; 1       ; 0       ; 0       ; 0       ; 0       ; 1       ;
; yfsm.s6 ; 0       ; 0       ; 1       ; 0       ; 0       ; 0       ; 0       ; 0       ; 1       ;
; yfsm.s7 ; 0       ; 1       ; 0       ; 0       ; 0       ; 0       ; 0       ; 0       ; 1       ;
; yfsm.s8 ; 1       ; 0       ; 0       ; 0       ; 0       ; 0       ; 0       ; 0       ; 1       ;
+---------+---------+---------+---------+---------+---------+---------+---------+---------+---------+


+--------------------------------------------------------------------------------+
; Registers Removed During Synthesis                                             ;
+---------------------------------------+----------------------------------------+
; Register name                         ; Reason for Removal                     ;
+---------------------------------------+----------------------------------------+
; alu1:inst2|neg                        ; Stuck at GND due to stuck port data_in ;
; Total Number of Removed Registers = 1 ;                                        ;
+---------------------------------------+----------------------------------------+


+------------------------------------------------------+
; General Register Statistics                          ;
+----------------------------------------------+-------+
; Statistic                                    ; Value ;
+----------------------------------------------+-------+
; Total registers                              ; 41    ;
; Number of registers using Synchronous Clear  ; 0     ;
; Number of registers using Synchronous Load   ; 6     ;
; Number of registers using Asynchronous Clear ; 25    ;
; Number of registers using Asynchronous Load  ; 0     ;
; Number of registers using Clock Enable       ; 24    ;
; Number of registers using Preset             ; 0     ;
+----------------------------------------------+-------+


+-------------------------------------------------------------------------------------------------------------------------------------------+
; Multiplexer Restructuring Statistics (Restructuring Performed)                                                                            ;
+--------------------+-----------+---------------+----------------------+------------------------+------------+-----------------------------+
; Multiplexer Inputs ; Bus Width ; Baseline Area ; Area if Restructured ; Saving if Restructured ; Registered ; Example Multiplexer Output  ;
+--------------------+-----------+---------------+----------------------+------------------------+------------+-----------------------------+
; 5:1                ; 2 bits    ; 6 LEs         ; 4 LEs                ; 2 LEs                  ; Yes        ; |core1|alu1:inst2|Result[6] ;
; 5:1                ; 5 bits    ; 15 LEs        ; 10 LEs               ; 5 LEs                  ; Yes        ; |core1|alu1:inst2|Result[3] ;
; 6:1                ; 2 bits    ; 8 LEs         ; 8 LEs                ; 0 LEs                  ; Yes        ; |core1|alu1:inst2|Temp[6]   ;
; 20:1               ; 6 bits    ; 78 LEs        ; 24 LEs               ; 54 LEs                 ; Yes        ; |core1|alu1:inst2|Temp[1]   ;
+--------------------+-----------+---------------+----------------------+------------------------+------------+-----------------------------+


+-------------------------------+
; Elapsed Time Per Partition    ;
+----------------+--------------+
; Partition Name ; Elapsed Time ;
+----------------+--------------+
; Top            ; 00:00:00     ;
+----------------+--------------+


+-------------------------------+
; Analysis & Synthesis Messages ;
+-------------------------------+
Info: *******************************************************************
Info: Running Quartus II 32-bit Analysis & Synthesis
    Info: Version 13.0.1 Build 232 06/12/2013 Service Pack 1 SJ Full Version
    Info: Processing started: Mon Dec  1 22:17:38 2025
Info: Command: quartus_map --read_settings_files=on --write_settings_files=off problem1 -c problem1
Info (11104): Parallel Compilation has detected 8 hyper-threaded processors. However, the extra hyper-threaded processors will not be used by default. Parallel Compilation will use 4 of the 4 physical processors detected instead.
Info (12021): Found 2 design units, including 1 entities, in source file fsm9.vhd
    Info (12022): Found design unit 1: fsm9-fsm
    Info (12023): Found entity 1: fsm9
Info (12021): Found 2 design units, including 1 entities, in source file dec.vhd
    Info (12022): Found design unit 1: dec-behavior
    Info (12023): Found entity 1: dec
Info (12021): Found 2 design units, including 1 entities, in source file alu1.vhd
    Info (12022): Found design unit 1: alu1-Behavior
    Info (12023): Found entity 1: alu1
Info (12021): Found 2 design units, including 1 entities, in source file sseg.vhd
    Info (12022): Found design unit 1: sseg-Behavior
    Info (12023): Found entity 1: sseg
Info (12021): Found 2 design units, including 1 entities, in source file reg.vhd
    Info (12022): Found design unit 1: reg-Behavior
    Info (12023): Found entity 1: reg
Info (12021): Found 1 design units, including 1 entities, in source file core1.bdf
    Info (12023): Found entity 1: core1
Info (12127): Elaborating entity "core1" for the top level hierarchy
Warning (275011): Block or symbol "reg" of instance "inst" overlaps another block or symbol
Warning (275008): Primitive "GND" of instance "inst11" not used
Warning (275008): Primitive "GND" of instance "inst9" not used
Info (12128): Elaborating entity "sseg" for hierarchy "sseg:inst6"
Info (12128): Elaborating entity "fsm9" for hierarchy "fsm9:inst3"
Info (12128): Elaborating entity "alu1" for hierarchy "alu1:inst2"
Info (12128): Elaborating entity "reg" for hierarchy "reg:inst"
Info (12128): Elaborating entity "dec" for hierarchy "dec:inst5"
Warning (13024): Output pins are stuck at VCC or GND
    Warning (13410): Pin "Neg[1]" is stuck at VCC
    Warning (13410): Pin "Neg[2]" is stuck at VCC
    Warning (13410): Pin "Neg[3]" is stuck at VCC
    Warning (13410): Pin "Neg[4]" is stuck at VCC
    Warning (13410): Pin "Neg[5]" is stuck at VCC
    Warning (13410): Pin "Neg[6]" is stuck at VCC
    Warning (13410): Pin "Neg[7]" is stuck at VCC
Info (16010): Generating hard_block partition "hard_block:auto_generated_inst"
    Info (16011): Adding 0 node(s), including 0 DDIO, 0 PLL, 0 transceiver and 0 LCELL
Info (21057): Implemented 184 device resources after synthesis - the final resource count might be different
    Info (21058): Implemented 21 input pins
    Info (21059): Implemented 28 output pins
    Info (21061): Implemented 135 logic cells
Info: Quartus II 32-bit Analysis & Synthesis was successful. 0 errors, 11 warnings
    Info: Peak virtual memory: 364 megabytes
    Info: Processing ended: Mon Dec  1 22:17:42 2025
    Info: Elapsed time: 00:00:04
    Info: Total CPU time (on all processors): 00:00:02


